// Jest Snapshot v1, https://goo.gl/fbAQLP

exports[`Intro --- Render connected component should be the same as the last snapshot 1`] = `
<main
  className="App"
>
  <div
    className="header jumbotron"
  >
    <div
      className="container"
    >
      <h1
        className="display-3"
      >
        SDV Gift Picker
      </h1>
      <p>
        Use this site to check which gifts you have available for the characters of
         
        <a
          href="http://stardewvalley.net/"
        >
          Stardew Valley
        </a>
        . The save is no uploaded and processed locally.
      </p>
      <div
        className=""
      >
        <input
          id="upload"
          onChange={[Function]}
          type="file"
        />
        <button
          className="mb-2 btn btn-primary btn-lg"
          disabled={undefined}
          onClick={[Function]}
          type="button"
        >
          Upload save-game
        </button>
      </div>
      <button
        className="btn btn-secondary"
        onClick={[Function]}
        type="button"
      >
        Use without save
      </button>
    </div>
  </div>
  <div
    className="container"
  >
    <div
      className="col-12"
    >
      <h2>
        Help
      </h2>
      <p>
        Please use the full save file named with your farmer's name and a 9-digit ID number (e.g.
        <code>
          Fred_148093307
        </code>
        ); do not use the
         
        <code>
          SaveGameInfo
        </code>
         file as it does not contain all the necessary information.
      </p>
      <p>
        Default save file locations are:
      </p>
      <div>
        <ul>
          <li>
            Windows: 
            <code>
              %AppData%\\StardewValley\\Saves\\
            </code>
          </li>
          <li>
            Mac OSX & Linux:
             
            <code>
              ~/.config/StardewValley/Saves/
            </code>
          </li>
        </ul>
      </div>
    </div>
    <div
      className="about col-12"
    >
      <h2>
        About
      </h2>
      <p>
        SDV Gift Calculator by
         
        <a
          href="https://www.reddit.com/user/Roang_zero1/"
        >
          Roang_Zero1
        </a>
        .
      </p>
      <p>
        This app was inspired by 
        <strong>
          Stardew Checkup
        </strong>
         available at
         
        <a
          href="https://mouseypounds.github.io/stardew-checkup/"
        >
          https://mouseypounds.github.io/stardew-checkup/
        </a>
      </p>
      <p>
        Using icons by 
        <a
          href="https://fontawesome.com/l"
        >
          Font Awesome
        </a>
         
        licensed under
         
        <a
          href="https://creativecommons.org/licenses/by/4.0/"
        >
          CC BY 4.0
        </a>
      </p>
    </div>
  </div>
</main>
`;
