// Jest Snapshot v1, https://goo.gl/fbAQLP

exports[`components/Loader --- Shallow render component should be the same as the last snapshot 1`] = `
<Container
  className="loader-wrapper"
  tag="div"
>
  <h2>
    Loading
  </h2>
  <p>
    Loading Data please wait
  </p>
  <div
    className="loader"
  />
</Container>
`;
